open visual code 
create file and push code or create script in file 
open terminal click new terminal 
      |
      |
      |

PS C:\Users\HP\Desktop\admin12> git init

PS C:\Users\HP\Desktop\admin12> git add .

PS C:\Users\HP\Desktop\admin12> git status

PS C:\Users\HP\Desktop\admin12> git commit -m 'docker fail'

create new repository in github (copy link and paste)

PS C:\Users\HP\Desktop\admin12> git remote add origin 'https://github.com/Ashwini-reetu/testingrepo.git' 

PS C:\Users\HP\Desktop\admin12> git remote -v

PS C:\Users\HP\Desktop\admin12> git push -u origin main

PS C:\Users\HP\Desktop\admin12> git push -f origin main

got to git repository and refresh 




or

open git bash 

git  --version

git help config

git config --help

mkdir test (test new file name)

cd test

git init

we can see local path where dir created (test file name created)

create test document (doc name : xyz) (pass any code)

git status (file created : test.txt)

git add text.txt

git commit -m "test fail"

git clear

git config -m user.username Ashwini-reetu

go to GitHub create new repository (copy repository link)

git remote add origin (paste link)

git push origin main 

if we got error anything we use (git push -f origin main)

then open GitHub and refresh out test file has been stored in git hub repository 



 











































